Region gaibandha, box [89.5, 25.04, 89.95, 25.42]
2018/2019: images=30, samples=3200, vegetated=68%  -18.0dB=0.886/0.829  -17.0dB=0.913/0.882  -16.5dB=0.923/0.901  -16.0dB=0.924/0.913  -15.5dB=0.923/0.925  -15.0dB=0.912/0.925  -14.5dB=0.899/0.920  -14.0dB=0.883/0.912  -13.5dB=0.861/0.897  -13.2dB=0.847/0.887  -13.0dB=0.838/0.881  -12.5dB=0.812/0.862  -12.0dB=0.771/0.832  -11.0dB=0.610/0.715
2019/2020: images=30, samples=3200, vegetated=68%  -18.0dB=0.882/0.826  -17.0dB=0.914/0.881  -16.5dB=0.920/0.898  -16.0dB=0.926/0.916  -15.5dB=0.930/0.926  -15.0dB=0.927/0.932  -14.5dB=0.920/0.933  -14.0dB=0.905/0.924  -13.5dB=0.888/0.915  -13.2dB=0.879/0.909  -13.0dB=0.871/0.903  -12.5dB=0.843/0.883  -12.0dB=0.809/0.859  -11.0dB=0.701/0.779
2020/2021: images=30, samples=3200, vegetated=64%  -18.0dB=0.881/0.842  -17.0dB=0.915/0.897  -16.5dB=0.926/0.917  -16.0dB=0.927/0.924  -15.5dB=0.922/0.928  -15.0dB=0.912/0.924  -14.5dB=0.900/0.918  -14.0dB=0.887/0.910  -13.5dB=0.866/0.895  -13.2dB=0.851/0.884  -13.0dB=0.843/0.877  -12.5dB=0.822/0.861  -12.0dB=0.793/0.839  -11.0dB=0.695/0.762
2021/2022: images=28, samples=3200, vegetated=66%  -18.0dB=0.857/0.795  -17.0dB=0.891/0.855  -16.5dB=0.903/0.880  -16.0dB=0.917/0.908  -15.5dB=0.919/0.919  -15.0dB=0.917/0.925  -14.5dB=0.907/0.924  -14.0dB=0.891/0.914  -13.5dB=0.866/0.898  -13.2dB=0.853/0.889  -13.0dB=0.839/0.879  -12.5dB=0.809/0.856  -12.0dB=0.773/0.830  -11.0dB=0.640/0.729
2022/2023: images=30, samples=3200, vegetated=68%  -18.0dB=0.874/0.815  -17.0dB=0.903/0.865  -16.5dB=0.918/0.894  -16.0dB=0.927/0.914  -15.5dB=0.933/0.931  -15.0dB=0.931/0.937  -14.5dB=0.926/0.940  -14.0dB=0.910/0.930  -13.5dB=0.890/0.917  -13.2dB=0.880/0.910  -13.0dB=0.870/0.903  -12.5dB=0.848/0.887  -12.0dB=0.825/0.870  -11.0dB=0.722/0.794
2023/2024: images=28, samples=3200, vegetated=69%  -18.0dB=0.889/0.837  -17.0dB=0.911/0.882  -16.5dB=0.921/0.904  -16.0dB=0.927/0.922  -15.5dB=0.922/0.928  -15.0dB=0.914/0.929  -14.5dB=0.900/0.922  -14.0dB=0.886/0.914  -13.5dB=0.868/0.903  -13.2dB=0.856/0.894  -13.0dB=0.849/0.889  -12.5dB=0.827/0.873  -12.0dB=0.805/0.858  -11.0dB=0.698/0.780
2024/2025: images=32, samples=3200, vegetated=68%  -18.0dB=0.882/0.826  -17.0dB=0.913/0.884  -16.5dB=0.924/0.907  -16.0dB=0.930/0.922  -15.5dB=0.932/0.933  -15.0dB=0.925/0.936  -14.5dB=0.915/0.932  -14.0dB=0.897/0.921  -13.5dB=0.885/0.914  -13.2dB=0.870/0.904  -13.0dB=0.863/0.899  -12.5dB=0.847/0.888  -12.0dB=0.823/0.870  -11.0dB=0.702/0.781
2025/2026: images=28, samples=3200, vegetated=70%  -18.0dB=0.886/0.825  -17.0dB=0.910/0.873  -16.5dB=0.926/0.905  -16.0dB=0.930/0.919  -15.5dB=0.929/0.929  -15.0dB=0.926/0.935  -14.5dB=0.919/0.934  -14.0dB=0.907/0.931  -13.5dB=0.891/0.921  -13.2dB=0.878/0.912  -13.0dB=0.872/0.908  -12.5dB=0.852/0.893  -12.0dB=0.825/0.875  -11.0dB=0.717/0.797

Mean across years (accuracy / balanced accuracy):
  -18.0 dB: 0.880 / 0.824
  -17.0 dB: 0.909 / 0.877
  -16.5 dB: 0.920 / 0.901
  -16.0 dB: 0.926 / 0.917
  -15.5 dB: 0.926 / 0.927
  -15.0 dB: 0.921 / 0.931
  -14.5 dB: 0.911 / 0.928
  -14.0 dB: 0.896 / 0.919
  -13.5 dB: 0.877 / 0.908
  -13.2 dB: 0.864 / 0.899
  -13.0 dB: 0.856 / 0.892
  -12.5 dB: 0.832 / 0.876
  -12.0 dB: 0.803 / 0.854
  -11.0 dB: 0.685 / 0.767

Best threshold (balanced accuracy): -15.0 dB (0.931)
Current LAND_THRESHOLD_DB in config.py: -13.2 dB
