Region sirajganj, box [89.51, 23.98, 89.94, 24.81]
2018/2019: images=15, samples=3597, vegetated=78%  -18.0dB=0.936/0.876  -17.0dB=0.946/0.912  -16.5dB=0.942/0.919  -16.0dB=0.941/0.932  -15.5dB=0.940/0.944  -15.0dB=0.932/0.947  -14.5dB=0.922/0.943  -14.0dB=0.908/0.938  -13.5dB=0.889/0.927  -13.2dB=0.875/0.919  -13.0dB=0.865/0.913  -12.5dB=0.836/0.894  -12.0dB=0.790/0.865  -11.0dB=0.576/0.728
2019/2020: images=15, samples=3597, vegetated=76%  -18.0dB=0.930/0.864  -17.0dB=0.944/0.908  -16.5dB=0.952/0.934  -16.0dB=0.951/0.945  -15.5dB=0.951/0.956  -15.0dB=0.944/0.956  -14.5dB=0.935/0.954  -14.0dB=0.923/0.949  -13.5dB=0.907/0.939  -13.2dB=0.893/0.929  -13.0dB=0.883/0.923  -12.5dB=0.852/0.903  -12.0dB=0.815/0.879  -11.0dB=0.659/0.777
2020/2021: images=15, samples=3597, vegetated=74%  -18.0dB=0.913/0.853  -17.0dB=0.932/0.904  -16.5dB=0.942/0.929  -16.0dB=0.944/0.942  -15.5dB=0.940/0.950  -15.0dB=0.932/0.949  -14.5dB=0.921/0.943  -14.0dB=0.908/0.937  -13.5dB=0.886/0.922  -13.2dB=0.873/0.914  -13.0dB=0.862/0.907  -12.5dB=0.834/0.888  -12.0dB=0.798/0.864  -11.0dB=0.647/0.762
2021/2022: images=14, samples=3597, vegetated=76%  -18.0dB=0.915/0.837  -17.0dB=0.936/0.890  -16.5dB=0.941/0.908  -16.0dB=0.946/0.926  -15.5dB=0.943/0.934  -15.0dB=0.938/0.942  -14.5dB=0.929/0.941  -14.0dB=0.918/0.940  -13.5dB=0.897/0.929  -13.2dB=0.888/0.924  -13.0dB=0.882/0.920  -12.5dB=0.855/0.904  -12.0dB=0.824/0.883  -11.0dB=0.674/0.786
2022/2023: images=15, samples=3597, vegetated=75%  -18.0dB=0.909/0.829  -17.0dB=0.926/0.869  -16.5dB=0.936/0.894  -16.0dB=0.941/0.915  -15.5dB=0.946/0.935  -15.0dB=0.946/0.947  -14.5dB=0.937/0.947  -14.0dB=0.924/0.942  -13.5dB=0.909/0.936  -13.2dB=0.896/0.927  -13.0dB=0.889/0.923  -12.5dB=0.868/0.911  -12.0dB=0.828/0.885  -11.0dB=0.683/0.789
2023/2024: images=14, samples=3597, vegetated=78%  -18.0dB=0.926/0.848  -17.0dB=0.937/0.893  -16.5dB=0.939/0.912  -16.0dB=0.938/0.923  -15.5dB=0.938/0.935  -15.0dB=0.933/0.938  -14.5dB=0.924/0.938  -14.0dB=0.917/0.937  -13.5dB=0.903/0.932  -13.2dB=0.892/0.926  -13.0dB=0.885/0.922  -12.5dB=0.857/0.905  -12.0dB=0.822/0.883  -11.0dB=0.674/0.789
2024/2025: images=16, samples=3597, vegetated=78%  -18.0dB=0.930/0.862  -17.0dB=0.946/0.912  -16.5dB=0.952/0.932  -16.0dB=0.956/0.949  -15.5dB=0.949/0.951  -15.0dB=0.942/0.954  -14.5dB=0.933/0.952  -14.0dB=0.914/0.941  -13.5dB=0.896/0.931  -13.2dB=0.882/0.922  -13.0dB=0.873/0.917  -12.5dB=0.846/0.900  -12.0dB=0.802/0.872  -11.0dB=0.623/0.758
2025/2026: images=14, samples=3597, vegetated=79%  -18.0dB=0.935/0.861  -17.0dB=0.945/0.902  -16.5dB=0.946/0.917  -16.0dB=0.947/0.930  -15.5dB=0.947/0.942  -15.0dB=0.943/0.946  -14.5dB=0.936/0.948  -14.0dB=0.927/0.947  -13.5dB=0.907/0.938  -13.2dB=0.898/0.933  -13.0dB=0.892/0.929  -12.5dB=0.868/0.915  -12.0dB=0.835/0.895  -11.0dB=0.671/0.793

Mean across years (accuracy / balanced accuracy):
  -18.0 dB: 0.924 / 0.854
  -17.0 dB: 0.939 / 0.899
  -16.5 dB: 0.944 / 0.918
  -16.0 dB: 0.945 / 0.933
  -15.5 dB: 0.944 / 0.943
  -15.0 dB: 0.939 / 0.947
  -14.5 dB: 0.929 / 0.946
  -14.0 dB: 0.917 / 0.941
  -13.5 dB: 0.899 / 0.932
  -13.2 dB: 0.887 / 0.924
  -13.0 dB: 0.879 / 0.919
  -12.5 dB: 0.852 / 0.903
  -12.0 dB: 0.814 / 0.878
  -11.0 dB: 0.651 / 0.773

Best threshold (balanced accuracy): -15.0 dB (0.947)
Current LAND_THRESHOLD_DB in config.py: -13.2 dB
