8 NISAR passes on track 69 frame 14: 2026-06-18 to 2026-09-22
2026-06-18: NISAR_L2_PR_GCOV_023_069_A_014_4005_DHDH_A_20260618T232135_20260618T232210_P05023_N_F_J_001
  gaibandha: gcov_20260618.tif  valid 100%
  sirajganj: gcov_20260618.tif  valid 100%
2026-06-30: NISAR_L2_PR_GCOV_024_069_A_014_4005_DHDH_A_20260630T232134_20260630T232209_P05023_N_F_J_001
=== restart Tue Oct  6 12:10:05 BST 2026 ===
8 NISAR passes on track 69 frame 14: 2026-06-18 to 2026-09-22
2026-06-18: already on disk
2026-06-30: NISAR_L2_PR_GCOV_024_069_A_014_4005_DHDH_A_20260630T232134_20260630T232209_P05023_N_F_J_001
  gaibandha: gcov_20260630.tif  valid 100%
  sirajganj: gcov_20260630.tif  valid 100%
2026-07-12: NISAR_L2_PR_GCOV_025_069_A_014_4005_DHDH_A_20260712T232134_20260712T232208_P05023_N_F_J_001
  gaibandha: gcov_20260712.tif  valid 100%
  sirajganj: gcov_20260712.tif  valid 100%
2026-07-24: NISAR_L2_PR_GCOV_026_069_A_014_4005_DHDH_A_20260724T232133_20260724T232208_P05023_N_F_J_001
  gaibandha: gcov_20260724.tif  valid 100%
  sirajganj: gcov_20260724.tif  valid 100%
2026-08-17: NISAR_L2_PR_GCOV_028_069_A_014_4005_DHDH_A_20260817T232132_20260817T232206_P05023_N_F_J_001
  gaibandha: gcov_20260817.tif  valid 100%
  sirajganj: gcov_20260817.tif  valid 100%
2026-08-29: NISAR_L2_PR_GCOV_029_069_A_014_4005_DHDH_A_20260829T232132_20260829T232206_P05023_N_F_J_001
  gaibandha: gcov_20260829.tif  valid 100%
  sirajganj: gcov_20260829.tif  valid 100%
2026-09-10: NISAR_L2_PR_GCOV_030_069_A_014_4005_DHDH_A_20260910T232131_20260910T232206_P05023_N_F_J_001
  gaibandha: gcov_20260910.tif  valid 100%
  sirajganj: gcov_20260910.tif  valid 100%
2026-09-22: NISAR_L2_PR_GCOV_031_069_A_014_4005_DHDH_A_20260922T232132_20260922T232206_P05023_N_F_J_001
  gaibandha: gcov_20260922.tif  valid 100%
  sirajganj: gcov_20260922.tif  valid 100%
